// Jest Snapshot v1, https://goo.gl/fbAQLP

exports[`Missions renders correctly 1`] = `
Array [
  <h3>
    Missions
  </h3>,
  <div
    className="list-group"
    onKeyDown={[Function]}
  >
    <div
      className="list-group-item"
      data-rr-ui-event-key={null}
      onClick={[Function]}
    >
      Thaicom
    </div>
  </div>,
]
`;
